error TS6231: Could not resolve the path '10' with the extensions: '.ts', '.tsx', '.d.ts', '.cts', '.d.cts', '.mts', '.d.mts'.
  The file is in the program because:
    Root file specified for compilation
error TS6231: Could not resolve the path '100' with the extensions: '.ts', '.tsx', '.d.ts', '.cts', '.d.cts', '.mts', '.d.mts'.
  The file is in the program because:
    Root file specified for compilation
error TS6231: Could not resolve the path '11' with the extensions: '.ts', '.tsx', '.d.ts', '.cts', '.d.cts', '.mts', '.d.mts'.
  The file is in the program because:
    Root file specified for compilation
error TS6231: Could not resolve the path '110' with the extensions: '.ts', '.tsx', '.d.ts', '.cts', '.d.cts', '.mts', '.d.mts'.
  The file is in the program because:
    Root file specified for compilation
error TS6231: Could not resolve the path '12' with the extensions: '.ts', '.tsx', '.d.ts', '.cts', '.d.cts', '.mts', '.d.mts'.
  The file is in the program because:
    Root file specified for compilation
error TS6231: Could not resolve the path '120' with the extensions: '.ts', '.tsx', '.d.ts', '.cts', '.d.cts', '.mts', '.d.mts'.
  The file is in the program because:
    Root file specified for compilation
error TS6231: Could not resolve the path '13' with the extensions: '.ts', '.tsx', '.d.ts', '.cts', '.d.cts', '.mts', '.d.mts'.
  The file is in the program because:
    Root file specified for compilation
error TS6231: Could not resolve the path '130' with the extensions: '.ts', '.tsx', '.d.ts', '.cts', '.d.cts', '.mts', '.d.mts'.
  The file is in the program because:
    Root file specified for compilation
error TS6231: Could not resolve the path '14' with the extensions: '.ts', '.tsx', '.d.ts', '.cts', '.d.cts', '.mts', '.d.mts'.
  The file is in the program because:
    Root file specified for compilation
error TS6231: Could not resolve the path '140' with the extensions: '.ts', '.tsx', '.d.ts', '.cts', '.d.cts', '.mts', '.d.mts'.
  The file is in the program because:
    Root file specified for compilation
error TS6231: Could not resolve the path '15' with the extensions: '.ts', '.tsx', '.d.ts', '.cts', '.d.cts', '.mts', '.d.mts'.
  The file is in the program because:
    Root file specified for compilation
error TS6231: Could not resolve the path '150' with the extensions: '.ts', '.tsx', '.d.ts', '.cts', '.d.cts', '.mts', '.d.mts'.
  The file is in the program because:
    Root file specified for compilation
error TS6231: Could not resolve the path '16' with the extensions: '.ts', '.tsx', '.d.ts', '.cts', '.d.cts', '.mts', '.d.mts'.
  The file is in the program because:
    Root file specified for compilation
error TS6231: Could not resolve the path '160' with the extensions: '.ts', '.tsx', '.d.ts', '.cts', '.d.cts', '.mts', '.d.mts'.
  The file is in the program because:
    Root file specified for compilation
error TS6231: Could not resolve the path '17' with the extensions: '.ts', '.tsx', '.d.ts', '.cts', '.d.cts', '.mts', '.d.mts'.
  The file is in the program because:
    Root file specified for compilation
error TS6231: Could not resolve the path '170' with the extensions: '.ts', '.tsx', '.d.ts', '.cts', '.d.cts', '.mts', '.d.mts'.
  The file is in the program because:
    Root file specified for compilation
error TS6231: Could not resolve the path '18' with the extensions: '.ts', '.tsx', '.d.ts', '.cts', '.d.cts', '.mts', '.d.mts'.
  The file is in the program because:
    Root file specified for compilation
error TS6231: Could not resolve the path '180' with the extensions: '.ts', '.tsx', '.d.ts', '.cts', '.d.cts', '.mts', '.d.mts'.
  The file is in the program because:
    Root file specified for compilation
error TS6231: Could not resolve the path '19' with the extensions: '.ts', '.tsx', '.d.ts', '.cts', '.d.cts', '.mts', '.d.mts'.
  The file is in the program because:
    Root file specified for compilation
error TS6231: Could not resolve the path '190' with the extensions: '.ts', '.tsx', '.d.ts', '.cts', '.d.cts', '.mts', '.d.mts'.
  The file is in the program because:
    Root file specified for compilation
error TS6231: Could not resolve the path '1:' with the extensions: '.ts', '.tsx', '.d.ts', '.cts', '.d.cts', '.mts', '.d.mts'.
  The file is in the program because:
    Root file specified for compilation
error TS6231: Could not resolve the path '2' with the extensions: '.ts', '.tsx', '.d.ts', '.cts', '.d.cts', '.mts', '.d.mts'.
  The file is in the program because:
    Root file specified for compilation
error TS6231: Could not resolve the path '20' with the extensions: '.ts', '.tsx', '.d.ts', '.cts', '.d.cts', '.mts', '.d.mts'.
  The file is in the program because:
    Root file specified for compilation
error TS6231: Could not resolve the path '200' with the extensions: '.ts', '.tsx', '.d.ts', '.cts', '.d.cts', '.mts', '.d.mts'.
  The file is in the program because:
    Root file specified for compilation
error TS6231: Could not resolve the path '21' with the extensions: '.ts', '.tsx', '.d.ts', '.cts', '.d.cts', '.mts', '.d.mts'.
  The file is in the program because:
    Root file specified for compilation
error TS6231: Could not resolve the path '210' with the extensions: '.ts', '.tsx', '.d.ts', '.cts', '.d.cts', '.mts', '.d.mts'.
  The file is in the program because:
    Root file specified for compilation
error TS6231: Could not resolve the path '22' with the extensions: '.ts', '.tsx', '.d.ts', '.cts', '.d.cts', '.mts', '.d.mts'.
  The file is in the program because:
    Root file specified for compilation
error TS6231: Could not resolve the path '220' with the extensions: '.ts', '.tsx', '.d.ts', '.cts', '.d.cts', '.mts', '.d.mts'.
  The file is in the program because:
    Root file specified for compilation
error TS6231: Could not resolve the path '23' with the extensions: '.ts', '.tsx', '.d.ts', '.cts', '.d.cts', '.mts', '.d.mts'.
  The file is in the program because:
    Root file specified for compilation
error TS6231: Could not resolve the path '230' with the extensions: '.ts', '.tsx', '.d.ts', '.cts', '.d.cts', '.mts', '.d.mts'.
  The file is in the program because:
    Root file specified for compilation
error TS6231: Could not resolve the path '24' with the extensions: '.ts', '.tsx', '.d.ts', '.cts', '.d.cts', '.mts', '.d.mts'.
  The file is in the program because:
    Root file specified for compilation
error TS6231: Could not resolve the path '240' with the extensions: '.ts', '.tsx', '.d.ts', '.cts', '.d.cts', '.mts', '.d.mts'.
  The file is in the program because:
    Root file specified for compilation
error TS6231: Could not resolve the path '25' with the extensions: '.ts', '.tsx', '.d.ts', '.cts', '.d.cts', '.mts', '.d.mts'.
  The file is in the program because:
    Root file specified for compilation
error TS6231: Could not resolve the path '250' with the extensions: '.ts', '.tsx', '.d.ts', '.cts', '.d.cts', '.mts', '.d.mts'.
  The file is in the program because:
    Root file specified for compilation
error TS6231: Could not resolve the path '26' with the extensions: '.ts', '.tsx', '.d.ts', '.cts', '.d.cts', '.mts', '.d.mts'.
  The file is in the program because:
    Root file specified for compilation
error TS6231: Could not resolve the path '260' with the extensions: '.ts', '.tsx', '.d.ts', '.cts', '.d.cts', '.mts', '.d.mts'.
  The file is in the program because:
    Root file specified for compilation
error TS6231: Could not resolve the path '27' with the extensions: '.ts', '.tsx', '.d.ts', '.cts', '.d.cts', '.mts', '.d.mts'.
  The file is in the program because:
    Root file specified for compilation
error TS6231: Could not resolve the path '270' with the extensions: '.ts', '.tsx', '.d.ts', '.cts', '.d.cts', '.mts', '.d.mts'.
  The file is in the program because:
    Root file specified for compilation
error TS6231: Could not resolve the path '279' with the extensions: '.ts', '.tsx', '.d.ts', '.cts', '.d.cts', '.mts', '.d.mts'.
  The file is in the program because:
    Root file specified for compilation
error TS6231: Could not resolve the path '28' with the extensions: '.ts', '.tsx', '.d.ts', '.cts', '.d.cts', '.mts', '.d.mts'.
  The file is in the program because:
    Root file specified for compilation
error TS6231: Could not resolve the path '280' with the extensions: '.ts', '.tsx', '.d.ts', '.cts', '.d.cts', '.mts', '.d.mts'.
  The file is in the program because:
    Root file specified for compilation
error TS6231: Could not resolve the path '29' with the extensions: '.ts', '.tsx', '.d.ts', '.cts', '.d.cts', '.mts', '.d.mts'.
  The file is in the program because:
    Root file specified for compilation
error TS6231: Could not resolve the path '290' with the extensions: '.ts', '.tsx', '.d.ts', '.cts', '.d.cts', '.mts', '.d.mts'.
  The file is in the program because:
    Root file specified for compilation
error TS6231: Could not resolve the path '2:' with the extensions: '.ts', '.tsx', '.d.ts', '.cts', '.d.cts', '.mts', '.d.mts'.
  The file is in the program because:
    Root file specified for compilation
error TS6231: Could not resolve the path '3' with the extensions: '.ts', '.tsx', '.d.ts', '.cts', '.d.cts', '.mts', '.d.mts'.
  The file is in the program because:
    Root file specified for compilation
error TS6231: Could not resolve the path '30' with the extensions: '.ts', '.tsx', '.d.ts', '.cts', '.d.cts', '.mts', '.d.mts'.
  The file is in the program because:
    Root file specified for compilation
error TS6231: Could not resolve the path '300' with the extensions: '.ts', '.tsx', '.d.ts', '.cts', '.d.cts', '.mts', '.d.mts'.
  The file is in the program because:
    Root file specified for compilation
error TS6231: Could not resolve the path '31' with the extensions: '.ts', '.tsx', '.d.ts', '.cts', '.d.cts', '.mts', '.d.mts'.
  The file is in the program because:
    Root file specified for compilation
error TS6231: Could not resolve the path '32' with the extensions: '.ts', '.tsx', '.d.ts', '.cts', '.d.cts', '.mts', '.d.mts'.
  The file is in the program because:
    Root file specified for compilation
error TS6231: Could not resolve the path '33' with the extensions: '.ts', '.tsx', '.d.ts', '.cts', '.d.cts', '.mts', '.d.mts'.
  The file is in the program because:
    Root file specified for compilation
error TS6231: Could not resolve the path '34' with the extensions: '.ts', '.tsx', '.d.ts', '.cts', '.d.cts', '.mts', '.d.mts'.
  The file is in the program because:
    Root file specified for compilation
error TS6231: Could not resolve the path '35' with the extensions: '.ts', '.tsx', '.d.ts', '.cts', '.d.cts', '.mts', '.d.mts'.
  The file is in the program because:
    Root file specified for compilation
error TS6231: Could not resolve the path '36' with the extensions: '.ts', '.tsx', '.d.ts', '.cts', '.d.cts', '.mts', '.d.mts'.
  The file is in the program because:
    Root file specified for compilation
error TS6231: Could not resolve the path '37' with the extensions: '.ts', '.tsx', '.d.ts', '.cts', '.d.cts', '.mts', '.d.mts'.
  The file is in the program because:
    Root file specified for compilation
error TS6231: Could not resolve the path '38' with the extensions: '.ts', '.tsx', '.d.ts', '.cts', '.d.cts', '.mts', '.d.mts'.
  The file is in the program because:
    Root file specified for compilation
error TS6231: Could not resolve the path '39' with the extensions: '.ts', '.tsx', '.d.ts', '.cts', '.d.cts', '.mts', '.d.mts'.
  The file is in the program because:
    Root file specified for compilation
error TS6231: Could not resolve the path '4' with the extensions: '.ts', '.tsx', '.d.ts', '.cts', '.d.cts', '.mts', '.d.mts'.
  The file is in the program because:
    Root file specified for compilation
error TS6231: Could not resolve the path '40' with the extensions: '.ts', '.tsx', '.d.ts', '.cts', '.d.cts', '.mts', '.d.mts'.
  The file is in the program because:
    Root file specified for compilation
error TS6231: Could not resolve the path '41' with the extensions: '.ts', '.tsx', '.d.ts', '.cts', '.d.cts', '.mts', '.d.mts'.
  The file is in the program because:
    Root file specified for compilation
error TS6231: Could not resolve the path '42' with the extensions: '.ts', '.tsx', '.d.ts', '.cts', '.d.cts', '.mts', '.d.mts'.
  The file is in the program because:
    Root file specified for compilation
error TS6231: Could not resolve the path '43' with the extensions: '.ts', '.tsx', '.d.ts', '.cts', '.d.cts', '.mts', '.d.mts'.
  The file is in the program because:
    Root file specified for compilation
error TS6231: Could not resolve the path '44' with the extensions: '.ts', '.tsx', '.d.ts', '.cts', '.d.cts', '.mts', '.d.mts'.
  The file is in the program because:
    Root file specified for compilation
error TS6231: Could not resolve the path '45' with the extensions: '.ts', '.tsx', '.d.ts', '.cts', '.d.cts', '.mts', '.d.mts'.
  The file is in the program because:
    Root file specified for compilation
error TS6231: Could not resolve the path '46' with the extensions: '.ts', '.tsx', '.d.ts', '.cts', '.d.cts', '.mts', '.d.mts'.
  The file is in the program because:
    Root file specified for compilation
error TS6231: Could not resolve the path '47' with the extensions: '.ts', '.tsx', '.d.ts', '.cts', '.d.cts', '.mts', '.d.mts'.
  The file is in the program because:
    Root file specified for compilation
error TS6231: Could not resolve the path '48' with the extensions: '.ts', '.tsx', '.d.ts', '.cts', '.d.cts', '.mts', '.d.mts'.
  The file is in the program because:
    Root file specified for compilation
error TS6231: Could not resolve the path '49' with the extensions: '.ts', '.tsx', '.d.ts', '.cts', '.d.cts', '.mts', '.d.mts'.
  The file is in the program because:
    Root file specified for compilation
error TS6231: Could not resolve the path '5' with the extensions: '.ts', '.tsx', '.d.ts', '.cts', '.d.cts', '.mts', '.d.mts'.
  The file is in the program because:
    Root file specified for compilation
error TS6231: Could not resolve the path '50' with the extensions: '.ts', '.tsx', '.d.ts', '.cts', '.d.cts', '.mts', '.d.mts'.
  The file is in the program because:
    Root file specified for compilation
error TS6231: Could not resolve the path '51' with the extensions: '.ts', '.tsx', '.d.ts', '.cts', '.d.cts', '.mts', '.d.mts'.
  The file is in the program because:
    Root file specified for compilation
error TS6231: Could not resolve the path '52' with the extensions: '.ts', '.tsx', '.d.ts', '.cts', '.d.cts', '.mts', '.d.mts'.
  The file is in the program because:
    Root file specified for compilation
error TS6231: Could not resolve the path '53' with the extensions: '.ts', '.tsx', '.d.ts', '.cts', '.d.cts', '.mts', '.d.mts'.
  The file is in the program because:
    Root file specified for compilation
error TS6231: Could not resolve the path '54' with the extensions: '.ts', '.tsx', '.d.ts', '.cts', '.d.cts', '.mts', '.d.mts'.
  The file is in the program because:
    Root file specified for compilation
error TS6231: Could not resolve the path '55' with the extensions: '.ts', '.tsx', '.d.ts', '.cts', '.d.cts', '.mts', '.d.mts'.
  The file is in the program because:
    Root file specified for compilation
error TS6231: Could not resolve the path '56' with the extensions: '.ts', '.tsx', '.d.ts', '.cts', '.d.cts', '.mts', '.d.mts'.
  The file is in the program because:
    Root file specified for compilation
error TS6231: Could not resolve the path '57' with the extensions: '.ts', '.tsx', '.d.ts', '.cts', '.d.cts', '.mts', '.d.mts'.
  The file is in the program because:
    Root file specified for compilation
error TS6231: Could not resolve the path '58' with the extensions: '.ts', '.tsx', '.d.ts', '.cts', '.d.cts', '.mts', '.d.mts'.
  The file is in the program because:
    Root file specified for compilation
error TS6231: Could not resolve the path '59' with the extensions: '.ts', '.tsx', '.d.ts', '.cts', '.d.cts', '.mts', '.d.mts'.
  The file is in the program because:
    Root file specified for compilation
error TS6231: Could not resolve the path '6' with the extensions: '.ts', '.tsx', '.d.ts', '.cts', '.d.cts', '.mts', '.d.mts'.
  The file is in the program because:
    Root file specified for compilation
error TS6231: Could not resolve the path '60' with the extensions: '.ts', '.tsx', '.d.ts', '.cts', '.d.cts', '.mts', '.d.mts'.
  The file is in the program because:
    Root file specified for compilation
error TS6231: Could not resolve the path '61' with the extensions: '.ts', '.tsx', '.d.ts', '.cts', '.d.cts', '.mts', '.d.mts'.
  The file is in the program because:
    Root file specified for compilation
error TS6231: Could not resolve the path '62' with the extensions: '.ts', '.tsx', '.d.ts', '.cts', '.d.cts', '.mts', '.d.mts'.
  The file is in the program because:
    Root file specified for compilation
error TS6231: Could not resolve the path '63' with the extensions: '.ts', '.tsx', '.d.ts', '.cts', '.d.cts', '.mts', '.d.mts'.
  The file is in the program because:
    Root file specified for compilation
error TS6231: Could not resolve the path '64' with the extensions: '.ts', '.tsx', '.d.ts', '.cts', '.d.cts', '.mts', '.d.mts'.
  The file is in the program because:
    Root file specified for compilation
error TS6231: Could not resolve the path '65' with the extensions: '.ts', '.tsx', '.d.ts', '.cts', '.d.cts', '.mts', '.d.mts'.
  The file is in the program because:
    Root file specified for compilation
error TS6231: Could not resolve the path '66' with the extensions: '.ts', '.tsx', '.d.ts', '.cts', '.d.cts', '.mts', '.d.mts'.
  The file is in the program because:
    Root file specified for compilation
error TS6231: Could not resolve the path '67' with the extensions: '.ts', '.tsx', '.d.ts', '.cts', '.d.cts', '.mts', '.d.mts'.
  The file is in the program because:
    Root file specified for compilation
error TS6231: Could not resolve the path '68' with the extensions: '.ts', '.tsx', '.d.ts', '.cts', '.d.cts', '.mts', '.d.mts'.
  The file is in the program because:
    Root file specified for compilation
error TS6231: Could not resolve the path '69' with the extensions: '.ts', '.tsx', '.d.ts', '.cts', '.d.cts', '.mts', '.d.mts'.
  The file is in the program because:
    Root file specified for compilation
error TS6231: Could not resolve the path '7' with the extensions: '.ts', '.tsx', '.d.ts', '.cts', '.d.cts', '.mts', '.d.mts'.
  The file is in the program because:
    Root file specified for compilation
error TS6231: Could not resolve the path '70' with the extensions: '.ts', '.tsx', '.d.ts', '.cts', '.d.cts', '.mts', '.d.mts'.
  The file is in the program because:
    Root file specified for compilation
error TS6231: Could not resolve the path '71' with the extensions: '.ts', '.tsx', '.d.ts', '.cts', '.d.cts', '.mts', '.d.mts'.
  The file is in the program because:
    Root file specified for compilation
error TS6231: Could not resolve the path '72' with the extensions: '.ts', '.tsx', '.d.ts', '.cts', '.d.cts', '.mts', '.d.mts'.
  The file is in the program because:
    Root file specified for compilation
error TS6231: Could not resolve the path '73' with the extensions: '.ts', '.tsx', '.d.ts', '.cts', '.d.cts', '.mts', '.d.mts'.
  The file is in the program because:
    Root file specified for compilation
error TS6231: Could not resolve the path '74' with the extensions: '.ts', '.tsx', '.d.ts', '.cts', '.d.cts', '.mts', '.d.mts'.
  The file is in the program because:
    Root file specified for compilation
error TS6231: Could not resolve the path '75' with the extensions: '.ts', '.tsx', '.d.ts', '.cts', '.d.cts', '.mts', '.d.mts'.
  The file is in the program because:
    Root file specified for compilation
error TS6231: Could not resolve the path '76' with the extensions: '.ts', '.tsx', '.d.ts', '.cts', '.d.cts', '.mts', '.d.mts'.
  The file is in the program because:
    Root file specified for compilation
error TS6231: Could not resolve the path '77' with the extensions: '.ts', '.tsx', '.d.ts', '.cts', '.d.cts', '.mts', '.d.mts'.
  The file is in the program because:
    Root file specified for compilation
error TS6231: Could not resolve the path '78' with the extensions: '.ts', '.tsx', '.d.ts', '.cts', '.d.cts', '.mts', '.d.mts'.
  The file is in the program because:
    Root file specified for compilation
error TS6231: Could not resolve the path '79' with the extensions: '.ts', '.tsx', '.d.ts', '.cts', '.d.cts', '.mts', '.d.mts'.
  The file is in the program because:
    Root file specified for compilation
error TS6231: Could not resolve the path '8' with the extensions: '.ts', '.tsx', '.d.ts', '.cts', '.d.cts', '.mts', '.d.mts'.
  The file is in the program because:
    Root file specified for compilation
error TS6231: Could not resolve the path '80' with the extensions: '.ts', '.tsx', '.d.ts', '.cts', '.d.cts', '.mts', '.d.mts'.
  The file is in the program because:
    Root file specified for compilation
error TS6231: Could not resolve the path '81' with the extensions: '.ts', '.tsx', '.d.ts', '.cts', '.d.cts', '.mts', '.d.mts'.
  The file is in the program because:
    Root file specified for compilation
error TS6231: Could not resolve the path '82' with the extensions: '.ts', '.tsx', '.d.ts', '.cts', '.d.cts', '.mts', '.d.mts'.
  The file is in the program because:
    Root file specified for compilation
error TS6231: Could not resolve the path '83' with the extensions: '.ts', '.tsx', '.d.ts', '.cts', '.d.cts', '.mts', '.d.mts'.
  The file is in the program because:
    Root file specified for compilation
error TS6231: Could not resolve the path '84' with the extensions: '.ts', '.tsx', '.d.ts', '.cts', '.d.cts', '.mts', '.d.mts'.
  The file is in the program because:
    Root file specified for compilation
error TS6231: Could not resolve the path '85' with the extensions: '.ts', '.tsx', '.d.ts', '.cts', '.d.cts', '.mts', '.d.mts'.
  The file is in the program because:
    Root file specified for compilation
error TS6231: Could not resolve the path '86' with the extensions: '.ts', '.tsx', '.d.ts', '.cts', '.d.cts', '.mts', '.d.mts'.
  The file is in the program because:
    Root file specified for compilation
error TS6231: Could not resolve the path '87' with the extensions: '.ts', '.tsx', '.d.ts', '.cts', '.d.cts', '.mts', '.d.mts'.
  The file is in the program because:
    Root file specified for compilation
error TS6231: Could not resolve the path '88' with the extensions: '.ts', '.tsx', '.d.ts', '.cts', '.d.cts', '.mts', '.d.mts'.
  The file is in the program because:
    Root file specified for compilation
error TS6231: Could not resolve the path '89' with the extensions: '.ts', '.tsx', '.d.ts', '.cts', '.d.cts', '.mts', '.d.mts'.
  The file is in the program because:
    Root file specified for compilation
error TS6231: Could not resolve the path '9' with the extensions: '.ts', '.tsx', '.d.ts', '.cts', '.d.cts', '.mts', '.d.mts'.
  The file is in the program because:
    Root file specified for compilation
error TS6231: Could not resolve the path '90' with the extensions: '.ts', '.tsx', '.d.ts', '.cts', '.d.cts', '.mts', '.d.mts'.
  The file is in the program because:
    Root file specified for compilation
error TS6231: Could not resolve the path '91' with the extensions: '.ts', '.tsx', '.d.ts', '.cts', '.d.cts', '.mts', '.d.mts'.
  The file is in the program because:
    Root file specified for compilation
error TS6231: Could not resolve the path '92' with the extensions: '.ts', '.tsx', '.d.ts', '.cts', '.d.cts', '.mts', '.d.mts'.
  The file is in the program because:
    Root file specified for compilation
error TS6231: Could not resolve the path '93' with the extensions: '.ts', '.tsx', '.d.ts', '.cts', '.d.cts', '.mts', '.d.mts'.
  The file is in the program because:
    Root file specified for compilation
error TS6231: Could not resolve the path '94' with the extensions: '.ts', '.tsx', '.d.ts', '.cts', '.d.cts', '.mts', '.d.mts'.
  The file is in the program because:
    Root file specified for compilation
error TS6231: Could not resolve the path '95' with the extensions: '.ts', '.tsx', '.d.ts', '.cts', '.d.cts', '.mts', '.d.mts'.
  The file is in the program because:
    Root file specified for compilation
error TS6231: Could not resolve the path '96' with the extensions: '.ts', '.tsx', '.d.ts', '.cts', '.d.cts', '.mts', '.d.mts'.
  The file is in the program because:
    Root file specified for compilation
error TS6231: Could not resolve the path '97' with the extensions: '.ts', '.tsx', '.d.ts', '.cts', '.d.cts', '.mts', '.d.mts'.
  The file is in the program because:
    Root file specified for compilation
error TS6231: Could not resolve the path '98' with the extensions: '.ts', '.tsx', '.d.ts', '.cts', '.d.cts', '.mts', '.d.mts'.
  The file is in the program because:
    Root file specified for compilation
error TS6231: Could not resolve the path '99' with the extensions: '.ts', '.tsx', '.d.ts', '.cts', '.d.cts', '.mts', '.d.mts'.
  The file is in the program because:
    Root file specified for compilation
error TS6231: Could not resolve the path 'head' with the extensions: '.ts', '.tsx', '.d.ts', '.cts', '.d.cts', '.mts', '.d.mts'.
  The file is in the program because:
    Root file specified for compilation
error TS6231: Could not resolve the path 'scale' with the extensions: '.ts', '.tsx', '.d.ts', '.cts', '.d.cts', '.mts', '.d.mts'.
  The file is in the program because:
    Root file specified for compilation
